(types.PostLoginResponse) {
  AccessToken: <redacted>,
  ExpiresIn: (*int64)(86400),
  RefreshToken: <redacted>,
  TokenType: (*string)((len=6) "bearer")
}
